
D:\git_local\qzt_server_page>set ERROR_CODE=0 

D:\git_local\qzt_server_page>if defined JAVA_HOME goto findJavaFromJavaHome 

D:\git_local\qzt_server_page>set JAVA_HOME=D:\Program Files\Eclipse Adoptium\jdk-8.0.462.8-hotspot 

D:\git_local\qzt_server_page>set JAVA_EXE=D:\Program Files\Eclipse Adoptium\jdk-8.0.462.8-hotspot\bin\java.exe 

D:\git_local\qzt_server_page>if exist "D:\Program Files\Eclipse Adoptium\jdk-8.0.462.8-hotspot\bin\java.exe" goto init 

D:\git_local\qzt_server_page>set MAVEN_PROJECTBASEDIR= 

D:\git_local\qzt_server_page>IF NOT "" == "" goto endDetectBaseDir 

D:\git_local\qzt_server_page>set EXEC_DIR=D:\git_local\qzt_server_page 

D:\git_local\qzt_server_page>set WDIR=D:\git_local\qzt_server_page 

D:\git_local\qzt_server_page>IF EXIST "D:\git_local\qzt_server_page"\.mvn goto baseDirFound 

D:\git_local\qzt_server_page>set MAVEN_PROJECTBASEDIR=D:\git_local\qzt_server_page 

D:\git_local\qzt_server_page>cd "D:\git_local\qzt_server_page" 

D:\git_local\qzt_server_page>goto endDetectBaseDir 

D:\git_local\qzt_server_page>IF NOT EXIST "D:\git_local\qzt_server_page\.mvn\jvm.config" goto endReadAdditionalConfig 

D:\git_local\qzt_server_page>set WRAPPER_JAR="D:\git_local\qzt_server_page\.mvn\wrapper\maven-wrapper.jar" 

D:\git_local\qzt_server_page>set WRAPPER_PROPERTIES="D:\git_local\qzt_server_page\.mvn\wrapper\maven-wrapper.properties" 

D:\git_local\qzt_server_page>if exist "D:\git_local\qzt_server_page\.mvn\wrapper\maven-wrapper.jar" goto hasWrapperJar 

D:\git_local\qzt_server_page>set WRAPPER_LAUNCHER=org.apache.maven.wrapper.MavenWrapperMain 

D:\git_local\qzt_server_page>"D:\Program Files\Eclipse Adoptium\jdk-8.0.462.8-hotspot\bin\java.exe" -Dmaven.multiModuleProjectDirectory="D:\git_local\qzt_server_page"    -classpath "D:\git_local\qzt_server_page\.mvn\wrapper\maven-wrapper.jar" org.apache.maven.wrapper.MavenWrapperMain -e -s D:\git_local\qzt_server_page\.mvn\settings.xml -Dmaven.repo.local=D:\git_local\qzt_server_page\.m2 -DskipTests=true -pl :qzt-ump-server-back -am clean package 
[INFO] Error stacktraces are turned on.
[INFO] Scanning for projects...
[WARNING] 
[WARNING] Some problems were encountered while building the effective model for com.qzt:qzt-common-tools:jar:1.0.0
[WARNING] 'dependencies.dependency.version' for com.github.qcloudsms:qcloudsms:jar is either LATEST or RELEASE (both of them are being deprecated) @ line 42, column 22
[WARNING] 'dependencies.dependency.scope' for net.sf.json-lib:json-lib:jar:jdk15 must be one of [provided, compile, runtime, test, system] but is 'gradle-plugin'. @ line 86, column 20
[WARNING] 
[WARNING] Some problems were encountered while building the effective model for com.qzt:qzt-common-pay:jar:1.0.0
[WARNING] 'dependencies.dependency.version' for org.springframework:spring-context:jar is either LATEST or RELEASE (both of them are being deprecated) @ line 40, column 22
[WARNING] 'dependencies.dependency.version' for org.springframework.boot:spring-boot:jar is either LATEST or RELEASE (both of them are being deprecated) @ line 45, column 22
[WARNING] 'dependencies.dependency.(groupId:artifactId:type:classifier)' must be unique: org.springframework.boot:spring-boot:jar -> version RELEASE vs ${spring.boot.version} @ line 95, column 21
[WARNING] 'dependencies.dependency.(groupId:artifactId:type:classifier)' must be unique: org.springframework:spring-context:jar -> version RELEASE vs 5.3.20 @ line 105, column 21
[WARNING] 'build.plugins.plugin.version' for org.apache.maven.plugins:maven-compiler-plugin is missing. @ line 15, column 21
[WARNING] 
[WARNING] Some problems were encountered while building the effective model for com.qzt:qzt-common-oss:jar:1.0.0
[WARNING] 'build.plugins.plugin.version' for org.apache.maven.plugins:maven-compiler-plugin is missing. @ line 15, column 21
[WARNING] 
[WARNING] Some problems were encountered while building the effective model for com.qzt:qzt-common-trans:jar:1.0.0
[WARNING] 'build.plugins.plugin.version' for org.apache.maven.plugins:maven-compiler-plugin is missing. @ line 15, column 21
[WARNING] 
[WARNING] Some problems were encountered while building the effective model for com.qzt:qzt-ump-rpc-service:jar:1.0.0
[WARNING] 'dependencies.dependency.(groupId:artifactId:type:classifier)' must be unique: com.qzt:qzt-common-mq:jar -> duplicate declaration of version 1.0.0 @ line 77, column 21
[WARNING] 
[WARNING] Some problems were encountered while building the effective model for com.qzt:qzt-ump-server-scheduled:jar:1.0.0
[WARNING] 'dependencies.dependency.(groupId:artifactId:type:classifier)' must be unique: com.qzt:qzt-common-mq:jar -> duplicate declaration of version 1.0.0 @ line 142, column 21
[WARNING] 
[WARNING] Some problems were encountered while building the effective model for com.qzt:qzt-ump-server-web:jar:1.0.0
[WARNING] 'dependencies.dependency.(groupId:artifactId:type:classifier)' must be unique: com.google.zxing:core:jar -> version 3.2.0 vs 3.0.1 @ line 154, column 21
[WARNING] 'dependencies.dependency.(groupId:artifactId:type:classifier)' must be unique: com.qzt:qzt-common-mq:jar -> duplicate declaration of version 1.0.0 @ line 168, column 21
[WARNING] 
[WARNING] It is highly recommended to fix these problems because they threaten the stability of your build.
[WARNING] 
[WARNING] For this reason, future Maven versions might no longer support building such malformed projects.
[WARNING] 
[INFO] ------------------------------------------------------------------------
[INFO] Reactor Build Order:
[INFO] 
[INFO] qzt                                                                [pom]
[INFO] qzt-common                                                         [pom]
[INFO] qzt-common-core                                                    [jar]
[INFO] qzt-common-http                                                    [jar]
[INFO] qzt-common-web                                                     [jar]
[INFO] qzt-common-redis                                                   [jar]
[INFO] qzt-common-tools                                                   [jar]
[INFO] qzt-common-log                                                     [jar]
[INFO] qzt-common-pay                                                     [jar]
[INFO] qzt-common-dsession                                                [jar]
[INFO] qzt-ump                                                            [pom]
[INFO] qzt-ump-common                                                     [jar]
[INFO] qzt-ump-model                                                      [jar]
[INFO] qzt-ump-dao                                                        [jar]
[INFO] qzt-ump-rpc-api                                                    [jar]
[INFO] qzt-ump-server-back                                                [jar]
[INFO] 
[INFO] ----------------------------< com.qzt:qzt >-----------------------------
[INFO] Building qzt 1.0.0                                                [1/16]
[INFO]   from pom.xml
[INFO] --------------------------------[ pom ]---------------------------------
[INFO] 
[INFO] --- maven-clean-plugin:2.5:clean (default-clean) @ qzt ---
[INFO] 
[INFO] -------------------------< com.qzt:qzt-common >-------------------------
[INFO] Building qzt-common 1.0.0                                         [2/16]
[INFO]   from qzt-common\pom.xml
[INFO] --------------------------------[ pom ]---------------------------------
[INFO] 
[INFO] --- maven-clean-plugin:2.5:clean (default-clean) @ qzt-common ---
[INFO] 
[INFO] ----------------------< com.qzt:qzt-common-core >-----------------------
[INFO] Building qzt-common-core 1.0.0                                    [3/16]
[INFO]   from qzt-common\qzt-common-core\pom.xml
[INFO] --------------------------------[ jar ]---------------------------------
[INFO] 
[INFO] --- maven-clean-plugin:2.5:clean (default-clean) @ qzt-common-core ---
[INFO] Deleting D:\git_local\qzt_server_page\qzt-common\qzt-common-core\target
[INFO] 
[INFO] --- maven-resources-plugin:2.6:resources (default-resources) @ qzt-common-core ---
[INFO] Using 'UTF-8' encoding to copy filtered resources.
[INFO] Copying 1 resource
[INFO] 
[INFO] --- maven-compiler-plugin:3.7.0:compile (default-compile) @ qzt-common-core ---
[INFO] Changes detected - recompiling the module!
[INFO] Compiling 20 source files to D:\git_local\qzt_server_page\qzt-common\qzt-common-core\target\classes
[INFO] /D:/git_local/qzt_server_page/qzt-common/qzt-common-core/src/main/java/com/qzt/common/core/model/PageModel.java: D:\git_local\qzt_server_page\qzt-common\qzt-common-core\src\main\java\com\qzt\common\core\model\PageModel.java使用了未经检查或不安全的操作。
[INFO] /D:/git_local/qzt_server_page/qzt-common/qzt-common-core/src/main/java/com/qzt/common/core/model/PageModel.java: 有关详细信息, 请使用 -Xlint:unchecked 重新编译。
[INFO] 
[INFO] --- maven-resources-plugin:2.6:testResources (default-testResources) @ qzt-common-core ---
[INFO] Using 'UTF-8' encoding to copy filtered resources.
[INFO] skip non existing resourceDirectory D:\git_local\qzt_server_page\qzt-common\qzt-common-core\src\test\resources
[INFO] 
[INFO] --- maven-compiler-plugin:3.7.0:testCompile (default-testCompile) @ qzt-common-core ---
[INFO] No sources to compile
[INFO] 
[INFO] --- maven-surefire-plugin:2.12.4:test (default-test) @ qzt-common-core ---
[INFO] Tests are skipped.
[INFO] 
[INFO] --- maven-jar-plugin:2.4:jar (default-jar) @ qzt-common-core ---
[INFO] Building jar: D:\git_local\qzt_server_page\qzt-common\qzt-common-core\target\qzt-common-core-1.0.0.jar
[INFO] 
[INFO] ----------------------< com.qzt:qzt-common-http >-----------------------
[INFO] Building qzt-common-http 1.0.0                                    [4/16]
[INFO]   from qzt-common\qzt-common-http\pom.xml
[INFO] --------------------------------[ jar ]---------------------------------
[INFO] 
[INFO] --- maven-clean-plugin:2.5:clean (default-clean) @ qzt-common-http ---
[INFO] Deleting D:\git_local\qzt_server_page\qzt-common\qzt-common-http\target
[INFO] 
[INFO] --- maven-resources-plugin:2.6:resources (default-resources) @ qzt-common-http ---
[INFO] Using 'UTF-8' encoding to copy filtered resources.
[INFO] skip non existing resourceDirectory D:\git_local\qzt_server_page\qzt-common\qzt-common-http\src\main\resources
[INFO] 
[INFO] --- maven-compiler-plugin:3.7.0:compile (default-compile) @ qzt-common-http ---
[INFO] No sources to compile
[INFO] 
[INFO] --- maven-resources-plugin:2.6:testResources (default-testResources) @ qzt-common-http ---
[INFO] Using 'UTF-8' encoding to copy filtered resources.
[INFO] skip non existing resourceDirectory D:\git_local\qzt_server_page\qzt-common\qzt-common-http\src\test\resources
[INFO] 
[INFO] --- maven-compiler-plugin:3.7.0:testCompile (default-testCompile) @ qzt-common-http ---
[INFO] No sources to compile
[INFO] 
[INFO] --- maven-surefire-plugin:2.12.4:test (default-test) @ qzt-common-http ---
[INFO] Tests are skipped.
[INFO] 
[INFO] --- maven-jar-plugin:2.4:jar (default-jar) @ qzt-common-http ---
[WARNING] JAR will be empty - no content was marked for inclusion!
[INFO] Building jar: D:\git_local\qzt_server_page\qzt-common\qzt-common-http\target\qzt-common-http-1.0.0.jar
[INFO] 
[INFO] -----------------------< com.qzt:qzt-common-web >-----------------------
[INFO] Building qzt-common-web 1.0.0                                     [5/16]
[INFO]   from qzt-common\qzt-common-web\pom.xml
[INFO] --------------------------------[ jar ]---------------------------------
[INFO] 
[INFO] --- maven-clean-plugin:2.5:clean (default-clean) @ qzt-common-web ---
[INFO] Deleting D:\git_local\qzt_server_page\qzt-common\qzt-common-web\target
[INFO] 
[INFO] --- maven-resources-plugin:2.6:resources (default-resources) @ qzt-common-web ---
[INFO] Using 'UTF-8' encoding to copy filtered resources.
[INFO] skip non existing resourceDirectory D:\git_local\qzt_server_page\qzt-common\qzt-common-web\src\main\resources
[INFO] 
[INFO] --- maven-compiler-plugin:3.7.0:compile (default-compile) @ qzt-common-web ---
[INFO] Changes detected - recompiling the module!
[INFO] Compiling 16 source files to D:\git_local\qzt_server_page\qzt-common\qzt-common-web\target\classes
[INFO] /D:/git_local/qzt_server_page/qzt-common/qzt-common-web/src/main/java/com/qzt/common/web/util/ResultUtil.java: D:\git_local\qzt_server_page\qzt-common\qzt-common-web\src\main\java\com\qzt\common\web\util\ResultUtil.java使用了未经检查或不安全的操作。
[INFO] /D:/git_local/qzt_server_page/qzt-common/qzt-common-web/src/main/java/com/qzt/common/web/util/ResultUtil.java: 有关详细信息, 请使用 -Xlint:unchecked 重新编译。
[INFO] 
[INFO] --- maven-resources-plugin:2.6:testResources (default-testResources) @ qzt-common-web ---
[INFO] Using 'UTF-8' encoding to copy filtered resources.
[INFO] skip non existing resourceDirectory D:\git_local\qzt_server_page\qzt-common\qzt-common-web\src\test\resources
[INFO] 
[INFO] --- maven-compiler-plugin:3.7.0:testCompile (default-testCompile) @ qzt-common-web ---
[INFO] No sources to compile
[INFO] 
[INFO] --- maven-surefire-plugin:2.12.4:test (default-test) @ qzt-common-web ---
[INFO] Tests are skipped.
[INFO] 
[INFO] --- maven-jar-plugin:2.4:jar (default-jar) @ qzt-common-web ---
[INFO] Building jar: D:\git_local\qzt_server_page\qzt-common\qzt-common-web\target\qzt-common-web-1.0.0.jar
[INFO] 
[INFO] ----------------------< com.qzt:qzt-common-redis >----------------------
[INFO] Building qzt-common-redis 1.0.0                                   [6/16]
[INFO]   from qzt-common\qzt-common-redis\pom.xml
[INFO] --------------------------------[ jar ]---------------------------------
[INFO] 
[INFO] --- maven-clean-plugin:2.5:clean (default-clean) @ qzt-common-redis ---
[INFO] Deleting D:\git_local\qzt_server_page\qzt-common\qzt-common-redis\target
[INFO] 
[INFO] --- maven-resources-plugin:2.6:resources (default-resources) @ qzt-common-redis ---
[INFO] Using 'UTF-8' encoding to copy filtered resources.
[INFO] skip non existing resourceDirectory D:\git_local\qzt_server_page\qzt-common\qzt-common-redis\src\main\resources
[INFO] 
[INFO] --- maven-compiler-plugin:3.7.0:compile (default-compile) @ qzt-common-redis ---
[INFO] Changes detected - recompiling the module!
[INFO] Compiling 7 source files to D:\git_local\qzt_server_page\qzt-common\qzt-common-redis\target\classes
[INFO] /D:/git_local/qzt_server_page/qzt-common/qzt-common-redis/src/main/java/com/qzt/common/redis/configuration/RedisConfig.java: 某些输入文件使用了未经检查或不安全的操作。
[INFO] /D:/git_local/qzt_server_page/qzt-common/qzt-common-redis/src/main/java/com/qzt/common/redis/configuration/RedisConfig.java: 有关详细信息, 请使用 -Xlint:unchecked 重新编译。
[INFO] 
[INFO] --- maven-resources-plugin:2.6:testResources (default-testResources) @ qzt-common-redis ---
[INFO] Using 'UTF-8' encoding to copy filtered resources.
[INFO] skip non existing resourceDirectory D:\git_local\qzt_server_page\qzt-common\qzt-common-redis\src\test\resources
[INFO] 
[INFO] --- maven-compiler-plugin:3.7.0:testCompile (default-testCompile) @ qzt-common-redis ---
[INFO] No sources to compile
[INFO] 
[INFO] --- maven-surefire-plugin:2.12.4:test (default-test) @ qzt-common-redis ---
[INFO] Tests are skipped.
[INFO] 
[INFO] --- maven-jar-plugin:2.4:jar (default-jar) @ qzt-common-redis ---
[INFO] Building jar: D:\git_local\qzt_server_page\qzt-common\qzt-common-redis\target\qzt-common-redis-1.0.0.jar
[INFO] 
[INFO] ----------------------< com.qzt:qzt-common-tools >----------------------
[INFO] Building qzt-common-tools 1.0.0                                   [7/16]
[INFO]   from qzt-common\qzt-common-tools\pom.xml
[INFO] --------------------------------[ jar ]---------------------------------
[INFO] 
[INFO] --- maven-clean-plugin:2.5:clean (default-clean) @ qzt-common-tools ---
[INFO] Deleting D:\git_local\qzt_server_page\qzt-common\qzt-common-tools\target
[INFO] 
[INFO] --- maven-resources-plugin:2.6:resources (default-resources) @ qzt-common-tools ---
[INFO] Using 'UTF-8' encoding to copy filtered resources.
[INFO] skip non existing resourceDirectory D:\git_local\qzt_server_page\qzt-common\qzt-common-tools\src\main\resources
[INFO] 
[INFO] --- maven-compiler-plugin:3.1:compile (default-compile) @ qzt-common-tools ---
[INFO] Changes detected - recompiling the module!
[INFO] Compiling 25 source files to D:\git_local\qzt_server_page\qzt-common\qzt-common-tools\target\classes
[WARNING] /D:/git_local/qzt_server_page/qzt-common/qzt-common-tools/src/main/java/com/qzt/common/tools/HttpXmlClient.java: D:\git_local\qzt_server_page\qzt-common\qzt-common-tools\src\main\java\com\qzt\common\tools\HttpXmlClient.java使用或覆盖了已过时的 API。
[WARNING] /D:/git_local/qzt_server_page/qzt-common/qzt-common-tools/src/main/java/com/qzt/common/tools/HttpXmlClient.java: 有关详细信息, 请使用 -Xlint:deprecation 重新编译。
[WARNING] /D:/git_local/qzt_server_page/qzt-common/qzt-common-tools/src/main/java/com/qzt/common/tools/DateUtil.java: 某些输入文件使用了未经检查或不安全的操作。
[WARNING] /D:/git_local/qzt_server_page/qzt-common/qzt-common-tools/src/main/java/com/qzt/common/tools/DateUtil.java: 有关详细信息, 请使用 -Xlint:unchecked 重新编译。
[INFO] 
[INFO] --- maven-resources-plugin:2.6:testResources (default-testResources) @ qzt-common-tools ---
[INFO] Using 'UTF-8' encoding to copy filtered resources.
[INFO] skip non existing resourceDirectory D:\git_local\qzt_server_page\qzt-common\qzt-common-tools\src\test\resources
[INFO] 
[INFO] --- maven-compiler-plugin:3.1:testCompile (default-testCompile) @ qzt-common-tools ---
[INFO] No sources to compile
[INFO] 
[INFO] --- maven-surefire-plugin:2.12.4:test (default-test) @ qzt-common-tools ---
[INFO] Tests are skipped.
[INFO] 
[INFO] --- maven-jar-plugin:2.4:jar (default-jar) @ qzt-common-tools ---
[INFO] Building jar: D:\git_local\qzt_server_page\qzt-common\qzt-common-tools\target\qzt-common-tools-1.0.0.jar
[INFO] 
[INFO] -----------------------< com.qzt:qzt-common-log >-----------------------
[INFO] Building qzt-common-log 1.0.0                                     [8/16]
[INFO]   from qzt-common\qzt-common-log\pom.xml
[INFO] --------------------------------[ jar ]---------------------------------
[INFO] 
[INFO] --- maven-clean-plugin:2.5:clean (default-clean) @ qzt-common-log ---
[INFO] Deleting D:\git_local\qzt_server_page\qzt-common\qzt-common-log\target
[INFO] 
[INFO] --- maven-resources-plugin:2.6:resources (default-resources) @ qzt-common-log ---
[INFO] Using 'UTF-8' encoding to copy filtered resources.
[INFO] skip non existing resourceDirectory D:\git_local\qzt_server_page\qzt-common\qzt-common-log\src\main\resources
[INFO] 
[INFO] --- maven-compiler-plugin:3.7.0:compile (default-compile) @ qzt-common-log ---
[INFO] Changes detected - recompiling the module!
[INFO] Compiling 3 source files to D:\git_local\qzt_server_page\qzt-common\qzt-common-log\target\classes
[INFO] 
[INFO] --- maven-resources-plugin:2.6:testResources (default-testResources) @ qzt-common-log ---
[INFO] Using 'UTF-8' encoding to copy filtered resources.
[INFO] skip non existing resourceDirectory D:\git_local\qzt_server_page\qzt-common\qzt-common-log\src\test\resources
[INFO] 
[INFO] --- maven-compiler-plugin:3.7.0:testCompile (default-testCompile) @ qzt-common-log ---
[INFO] No sources to compile
[INFO] 
[INFO] --- maven-surefire-plugin:2.12.4:test (default-test) @ qzt-common-log ---
[INFO] Tests are skipped.
[INFO] 
[INFO] --- maven-jar-plugin:2.4:jar (default-jar) @ qzt-common-log ---
[INFO] Building jar: D:\git_local\qzt_server_page\qzt-common\qzt-common-log\target\qzt-common-log-1.0.0.jar
[INFO] 
[INFO] -----------------------< com.qzt:qzt-common-pay >-----------------------
[INFO] Building qzt-common-pay 1.0.0                                     [9/16]
[INFO]   from qzt-common\qzt-common-pay\pom.xml
[INFO] --------------------------------[ jar ]---------------------------------
[INFO] 
[INFO] --- maven-clean-plugin:2.5:clean (default-clean) @ qzt-common-pay ---
[INFO] Deleting D:\git_local\qzt_server_page\qzt-common\qzt-common-pay\target
[INFO] 
[INFO] --- maven-resources-plugin:2.6:resources (default-resources) @ qzt-common-pay ---
[INFO] Using 'UTF-8' encoding to copy filtered resources.
[INFO] skip non existing resourceDirectory D:\git_local\qzt_server_page\qzt-common\qzt-common-pay\src\main\resources
[INFO] 
[INFO] --- maven-compiler-plugin:3.1:compile (default-compile) @ qzt-common-pay ---
[INFO] Changes detected - recompiling the module!
[INFO] Compiling 13 source files to D:\git_local\qzt_server_page\qzt-common\qzt-common-pay\target\classes
[WARNING] /D:/git_local/qzt_server_page/qzt-common/qzt-common-pay/src/main/java/com/qzt/common/pay/util/AppletOfWeChatUtil.java:[22,16] sun.misc.BASE64Encoder是内部专用 API, 可能会在未来发行版中删除
[WARNING] /D:/git_local/qzt_server_page/qzt-common/qzt-common-pay/src/main/java/com/qzt/common/pay/util/AppletOfWeChatUtil.java:[22,16] sun.misc.BASE64Encoder是内部专用 API, 可能会在未来发行版中删除
[WARNING] /D:/git_local/qzt_server_page/qzt-common/qzt-common-pay/src/main/java/com/qzt/common/pay/util/AppletOfWeChatUtil.java:[22,16] sun.misc.BASE64Encoder是内部专用 API, 可能会在未来发行版中删除
[WARNING] /D:/git_local/qzt_server_page/qzt-common/qzt-common-pay/src/main/java/com/qzt/common/pay/util/AppletOfWeChatUtil.java:[22,16] sun.misc.BASE64Encoder是内部专用 API, 可能会在未来发行版中删除
[WARNING] /D:/git_local/qzt_server_page/qzt-common/qzt-common-pay/src/main/java/com/qzt/common/pay/util/AppletOfWeChatUtil.java:[102,9] sun.misc.BASE64Encoder是内部专用 API, 可能会在未来发行版中删除
[WARNING] /D:/git_local/qzt_server_page/qzt-common/qzt-common-pay/src/main/java/com/qzt/common/pay/util/AppletOfWeChatUtil.java:[102,36] sun.misc.BASE64Encoder是内部专用 API, 可能会在未来发行版中删除
[WARNING] /D:/git_local/qzt_server_page/qzt-common/qzt-common-pay/src/main/java/com/qzt/common/pay/util/AppletOfWeChatUtil.java:[143,9] sun.misc.BASE64Encoder是内部专用 API, 可能会在未来发行版中删除
[WARNING] /D:/git_local/qzt_server_page/qzt-common/qzt-common-pay/src/main/java/com/qzt/common/pay/util/AppletOfWeChatUtil.java:[143,37] sun.misc.BASE64Encoder是内部专用 API, 可能会在未来发行版中删除
[WARNING] /D:/git_local/qzt_server_page/qzt-common/qzt-common-pay/src/main/java/com/qzt/common/pay/util/WxPayBackTools.java: 某些输入文件使用或覆盖了已过时的 API。
[WARNING] /D:/git_local/qzt_server_page/qzt-common/qzt-common-pay/src/main/java/com/qzt/common/pay/util/WxPayBackTools.java: 有关详细信息, 请使用 -Xlint:deprecation 重新编译。
[WARNING] /D:/git_local/qzt_server_page/qzt-common/qzt-common-pay/src/main/java/com/qzt/common/pay/util/WxPayBackTools.java: 某些输入文件使用了未经检查或不安全的操作。
[WARNING] /D:/git_local/qzt_server_page/qzt-common/qzt-common-pay/src/main/java/com/qzt/common/pay/util/WxPayBackTools.java: 有关详细信息, 请使用 -Xlint:unchecked 重新编译。
[INFO] 
[INFO] --- maven-resources-plugin:2.6:testResources (default-testResources) @ qzt-common-pay ---
[INFO] Using 'UTF-8' encoding to copy filtered resources.
[INFO] skip non existing resourceDirectory D:\git_local\qzt_server_page\qzt-common\qzt-common-pay\src\test\resources
[INFO] 
[INFO] --- maven-compiler-plugin:3.1:testCompile (default-testCompile) @ qzt-common-pay ---
[INFO] No sources to compile
[INFO] 
[INFO] --- maven-surefire-plugin:2.12.4:test (default-test) @ qzt-common-pay ---
[INFO] Tests are skipped.
[INFO] 
[INFO] --- maven-jar-plugin:2.4:jar (default-jar) @ qzt-common-pay ---
[INFO] Building jar: D:\git_local\qzt_server_page\qzt-common\qzt-common-pay\target\qzt-common-pay-1.0.0.jar
[INFO] 
[INFO] --------------------< com.qzt:qzt-common-dsession >---------------------
[INFO] Building qzt-common-dsession 1.0.0                               [10/16]
[INFO]   from qzt-common\qzt-common-dsession\pom.xml
[INFO] --------------------------------[ jar ]---------------------------------
[INFO] 
[INFO] --- maven-clean-plugin:2.5:clean (default-clean) @ qzt-common-dsession ---
[INFO] Deleting D:\git_local\qzt_server_page\qzt-common\qzt-common-dsession\target
[INFO] 
[INFO] --- maven-resources-plugin:2.6:resources (default-resources) @ qzt-common-dsession ---
[INFO] Using 'UTF-8' encoding to copy filtered resources.
[INFO] skip non existing resourceDirectory D:\git_local\qzt_server_page\qzt-common\qzt-common-dsession\src\main\resources
[INFO] 
[INFO] --- maven-compiler-plugin:3.7.0:compile (default-compile) @ qzt-common-dsession ---
[INFO] Changes detected - recompiling the module!
[INFO] Compiling 1 source file to D:\git_local\qzt_server_page\qzt-common\qzt-common-dsession\target\classes
[INFO] 
[INFO] --- maven-resources-plugin:2.6:testResources (default-testResources) @ qzt-common-dsession ---
[INFO] Using 'UTF-8' encoding to copy filtered resources.
[INFO] skip non existing resourceDirectory D:\git_local\qzt_server_page\qzt-common\qzt-common-dsession\src\test\resources
[INFO] 
[INFO] --- maven-compiler-plugin:3.7.0:testCompile (default-testCompile) @ qzt-common-dsession ---
[INFO] No sources to compile
[INFO] 
[INFO] --- maven-surefire-plugin:2.12.4:test (default-test) @ qzt-common-dsession ---
[INFO] Tests are skipped.
[INFO] 
[INFO] --- maven-jar-plugin:2.4:jar (default-jar) @ qzt-common-dsession ---
[INFO] Building jar: D:\git_local\qzt_server_page\qzt-common\qzt-common-dsession\target\qzt-common-dsession-1.0.0.jar
[INFO] 
[INFO] --------------------------< com.qzt:qzt-ump >---------------------------
[INFO] Building qzt-ump 1.0.0                                           [11/16]
[INFO]   from qzt-ump\pom.xml
[INFO] --------------------------------[ pom ]---------------------------------
[INFO] 
[INFO] --- maven-clean-plugin:2.5:clean (default-clean) @ qzt-ump ---
[INFO] 
[INFO] -----------------------< com.qzt:qzt-ump-common >-----------------------
[INFO] Building qzt-ump-common 1.0.0                                    [12/16]
[INFO]   from qzt-ump\qzt-ump-common\pom.xml
[INFO] --------------------------------[ jar ]---------------------------------
[INFO] 
[INFO] --- maven-clean-plugin:2.5:clean (default-clean) @ qzt-ump-common ---
[INFO] Deleting D:\git_local\qzt_server_page\qzt-ump\qzt-ump-common\target
[INFO] 
[INFO] --- maven-resources-plugin:2.6:resources (default-resources) @ qzt-ump-common ---
[INFO] Using 'UTF-8' encoding to copy filtered resources.
[INFO] skip non existing resourceDirectory D:\git_local\qzt_server_page\qzt-ump\qzt-ump-common\src\main\resources
[INFO] 
[INFO] --- maven-compiler-plugin:3.1:compile (default-compile) @ qzt-ump-common ---
[INFO] Changes detected - recompiling the module!
[INFO] Compiling 2 source files to D:\git_local\qzt_server_page\qzt-ump\qzt-ump-common\target\classes
[INFO] 
[INFO] --- maven-resources-plugin:2.6:testResources (default-testResources) @ qzt-ump-common ---
[INFO] Using 'UTF-8' encoding to copy filtered resources.
[INFO] skip non existing resourceDirectory D:\git_local\qzt_server_page\qzt-ump\qzt-ump-common\src\test\resources
[INFO] 
[INFO] --- maven-compiler-plugin:3.1:testCompile (default-testCompile) @ qzt-ump-common ---
[INFO] No sources to compile
[INFO] 
[INFO] --- maven-surefire-plugin:2.12.4:test (default-test) @ qzt-ump-common ---
[INFO] Tests are skipped.
[INFO] 
[INFO] --- maven-jar-plugin:2.4:jar (default-jar) @ qzt-ump-common ---
[INFO] Building jar: D:\git_local\qzt_server_page\qzt-ump\qzt-ump-common\target\qzt-ump-common-1.0.0.jar
[INFO] 
[INFO] -----------------------< com.qzt:qzt-ump-model >------------------------
[INFO] Building qzt-ump-model 1.0.0                                     [13/16]
[INFO]   from qzt-ump\qzt-ump-model\pom.xml
[INFO] --------------------------------[ jar ]---------------------------------
[INFO] 
[INFO] --- maven-clean-plugin:2.5:clean (default-clean) @ qzt-ump-model ---
[INFO] Deleting D:\git_local\qzt_server_page\qzt-ump\qzt-ump-model\target
[INFO] 
[INFO] --- maven-resources-plugin:2.6:resources (default-resources) @ qzt-ump-model ---
[INFO] Using 'UTF-8' encoding to copy filtered resources.
[INFO] skip non existing resourceDirectory D:\git_local\qzt_server_page\qzt-ump\qzt-ump-model\src\main\resources
[INFO] 
[INFO] --- maven-compiler-plugin:3.1:compile (default-compile) @ qzt-ump-model ---
[INFO] Changes detected - recompiling the module!
[INFO] Compiling 57 source files to D:\git_local\qzt_server_page\qzt-ump\qzt-ump-model\target\classes
[INFO] 
[INFO] --- maven-resources-plugin:2.6:testResources (default-testResources) @ qzt-ump-model ---
[INFO] Using 'UTF-8' encoding to copy filtered resources.
[INFO] skip non existing resourceDirectory D:\git_local\qzt_server_page\qzt-ump\qzt-ump-model\src\test\resources
[INFO] 
[INFO] --- maven-compiler-plugin:3.1:testCompile (default-testCompile) @ qzt-ump-model ---
[INFO] No sources to compile
[INFO] 
[INFO] --- maven-surefire-plugin:2.12.4:test (default-test) @ qzt-ump-model ---
[INFO] Tests are skipped.
[INFO] 
[INFO] --- maven-jar-plugin:2.4:jar (default-jar) @ qzt-ump-model ---
[INFO] Building jar: D:\git_local\qzt_server_page\qzt-ump\qzt-ump-model\target\qzt-ump-model-1.0.0.jar
[INFO] 
[INFO] ------------------------< com.qzt:qzt-ump-dao >-------------------------
[INFO] Building qzt-ump-dao 1.0.0                                       [14/16]
[INFO]   from qzt-ump\qzt-ump-dao\pom.xml
[INFO] --------------------------------[ jar ]---------------------------------
[INFO] 
[INFO] --- maven-clean-plugin:2.5:clean (default-clean) @ qzt-ump-dao ---
[INFO] Deleting D:\git_local\qzt_server_page\qzt-ump\qzt-ump-dao\target
[INFO] 
[INFO] --- maven-resources-plugin:2.6:resources (default-resources) @ qzt-ump-dao ---
[INFO] Using 'UTF-8' encoding to copy filtered resources.
[INFO] skip non existing resourceDirectory D:\git_local\qzt_server_page\qzt-ump\qzt-ump-dao\src\main\resources
[INFO] 
[INFO] --- maven-compiler-plugin:3.7.0:compile (default-compile) @ qzt-ump-dao ---
[INFO] Changes detected - recompiling the module!
[INFO] Compiling 56 source files to D:\git_local\qzt_server_page\qzt-ump\qzt-ump-dao\target\classes
[INFO] 
[INFO] --- maven-resources-plugin:2.6:testResources (default-testResources) @ qzt-ump-dao ---
[INFO] Using 'UTF-8' encoding to copy filtered resources.
[INFO] skip non existing resourceDirectory D:\git_local\qzt_server_page\qzt-ump\qzt-ump-dao\src\test\resources
[INFO] 
[INFO] --- maven-compiler-plugin:3.7.0:testCompile (default-testCompile) @ qzt-ump-dao ---
[INFO] No sources to compile
[INFO] 
[INFO] --- maven-surefire-plugin:2.12.4:test (default-test) @ qzt-ump-dao ---
[INFO] Tests are skipped.
[INFO] 
[INFO] --- maven-jar-plugin:2.4:jar (default-jar) @ qzt-ump-dao ---
[INFO] Building jar: D:\git_local\qzt_server_page\qzt-ump\qzt-ump-dao\target\qzt-ump-dao-1.0.0.jar
[INFO] 
[INFO] ----------------------< com.qzt:qzt-ump-rpc-api >-----------------------
[INFO] Building qzt-ump-rpc-api 1.0.0                                   [15/16]
[INFO]   from qzt-ump\qzt-ump-rpc-api\pom.xml
[INFO] --------------------------------[ jar ]---------------------------------
[INFO] 
[INFO] --- maven-clean-plugin:2.5:clean (default-clean) @ qzt-ump-rpc-api ---
[INFO] Deleting D:\git_local\qzt_server_page\qzt-ump\qzt-ump-rpc-api\target
[INFO] 
[INFO] --- maven-resources-plugin:2.6:resources (default-resources) @ qzt-ump-rpc-api ---
[INFO] Using 'UTF-8' encoding to copy filtered resources.
[INFO] skip non existing resourceDirectory D:\git_local\qzt_server_page\qzt-ump\qzt-ump-rpc-api\src\main\resources
[INFO] 
[INFO] --- maven-compiler-plugin:3.7.0:compile (default-compile) @ qzt-ump-rpc-api ---
[INFO] Changes detected - recompiling the module!
[INFO] Compiling 57 source files to D:\git_local\qzt_server_page\qzt-ump\qzt-ump-rpc-api\target\classes
[INFO] 
[INFO] --- maven-resources-plugin:2.6:testResources (default-testResources) @ qzt-ump-rpc-api ---
[INFO] Using 'UTF-8' encoding to copy filtered resources.
[INFO] skip non existing resourceDirectory D:\git_local\qzt_server_page\qzt-ump\qzt-ump-rpc-api\src\test\resources
[INFO] 
[INFO] --- maven-compiler-plugin:3.7.0:testCompile (default-testCompile) @ qzt-ump-rpc-api ---
[INFO] No sources to compile
[INFO] 
[INFO] --- maven-surefire-plugin:2.12.4:test (default-test) @ qzt-ump-rpc-api ---
[INFO] Tests are skipped.
[INFO] 
[INFO] --- maven-jar-plugin:2.4:jar (default-jar) @ qzt-ump-rpc-api ---
[INFO] Building jar: D:\git_local\qzt_server_page\qzt-ump\qzt-ump-rpc-api\target\qzt-ump-rpc-api-1.0.0.jar
[INFO] 
[INFO] --------------------< com.qzt:qzt-ump-server-back >---------------------
[INFO] Building qzt-ump-server-back 1.0.0                               [16/16]
[INFO]   from qzt-ump\qzt-ump-server-back\pom.xml
[INFO] --------------------------------[ jar ]---------------------------------
[WARNING] The POM for org.bouncycastle:bcpqc-jdk15on:jar:1.68 is missing, no dependency information available
[INFO] ------------------------------------------------------------------------
[INFO] Reactor Summary for qzt 1.0.0:
[INFO] 
[INFO] qzt ................................................ SUCCESS [  0.064 s]
[INFO] qzt-common ......................................... SUCCESS [  0.001 s]
[INFO] qzt-common-core .................................... SUCCESS [  2.467 s]
[INFO] qzt-common-http .................................... SUCCESS [  0.034 s]
[INFO] qzt-common-web ..................................... SUCCESS [  2.234 s]
[INFO] qzt-common-redis ................................... SUCCESS [  1.854 s]
[INFO] qzt-common-tools ................................... SUCCESS [  0.925 s]
[INFO] qzt-common-log ..................................... SUCCESS [  0.931 s]
[INFO] qzt-common-pay ..................................... SUCCESS [  1.065 s]
[INFO] qzt-common-dsession ................................ SUCCESS [  0.115 s]
[INFO] qzt-ump ............................................ SUCCESS [  0.001 s]
[INFO] qzt-ump-common ..................................... SUCCESS [  0.814 s]
[INFO] qzt-ump-model ...................................... SUCCESS [  1.567 s]
[INFO] qzt-ump-dao ........................................ SUCCESS [  0.427 s]
[INFO] qzt-ump-rpc-api .................................... SUCCESS [  0.392 s]
[INFO] qzt-ump-server-back ................................ FAILURE [  0.057 s]
[INFO] ------------------------------------------------------------------------
[INFO] BUILD FAILURE
[INFO] ------------------------------------------------------------------------
[INFO] Total time:  13.100 s
[INFO] Finished at: 2025-10-15T15:41:02+08:00
[INFO] ------------------------------------------------------------------------
[ERROR] Failed to execute goal on project qzt-ump-server-back: Could not resolve dependencies for project com.qzt:qzt-ump-server-back:jar:1.0.0: org.bouncycastle:bcpqc-jdk15on:jar:1.68 was not found in https://repo.maven.apache.org/maven2 during a previous attempt. This failure was cached in the local repository and resolution is not reattempted until the update interval of central has elapsed or updates are forced -> [Help 1]
org.apache.maven.lifecycle.LifecycleExecutionException: Failed to execute goal on project qzt-ump-server-back: Could not resolve dependencies for project com.qzt:qzt-ump-server-back:jar:1.0.0: org.bouncycastle:bcpqc-jdk15on:jar:1.68 was not found in https://repo.maven.apache.org/maven2 during a previous attempt. This failure was cached in the local repository and resolution is not reattempted until the update interval of central has elapsed or updates are forced
    at org.apache.maven.lifecycle.internal.LifecycleDependencyResolver.getDependencies (LifecycleDependencyResolver.java:292)
    at org.apache.maven.lifecycle.internal.LifecycleDependencyResolver.resolveProjectDependencies (LifecycleDependencyResolver.java:170)
    at org.apache.maven.lifecycle.internal.MojoExecutor.ensureDependenciesAreResolved (MojoExecutor.java:401)
    at org.apache.maven.lifecycle.internal.MojoExecutor.doExecute (MojoExecutor.java:347)
    at org.apache.maven.lifecycle.internal.MojoExecutor.execute (MojoExecutor.java:215)
    at org.apache.maven.lifecycle.internal.MojoExecutor.execute (MojoExecutor.java:171)
    at org.apache.maven.lifecycle.internal.MojoExecutor.execute (MojoExecutor.java:163)
    at org.apache.maven.lifecycle.internal.LifecycleModuleBuilder.buildProject (LifecycleModuleBuilder.java:117)
    at org.apache.maven.lifecycle.internal.LifecycleModuleBuilder.buildProject (LifecycleModuleBuilder.java:81)
    at org.apache.maven.lifecycle.internal.builder.singlethreaded.SingleThreadedBuilder.build (SingleThreadedBuilder.java:56)
    at org.apache.maven.lifecycle.internal.LifecycleStarter.execute (LifecycleStarter.java:128)
    at org.apache.maven.DefaultMaven.doExecute (DefaultMaven.java:299)
    at org.apache.maven.DefaultMaven.doExecute (DefaultMaven.java:193)
    at org.apache.maven.DefaultMaven.execute (DefaultMaven.java:106)
    at org.apache.maven.cli.MavenCli.execute (MavenCli.java:963)
    at org.apache.maven.cli.MavenCli.doMain (MavenCli.java:296)
    at org.apache.maven.cli.MavenCli.main (MavenCli.java:199)
    at sun.reflect.NativeMethodAccessorImpl.invoke0 (Native Method)
    at sun.reflect.NativeMethodAccessorImpl.invoke (NativeMethodAccessorImpl.java:62)
    at sun.reflect.DelegatingMethodAccessorImpl.invoke (DelegatingMethodAccessorImpl.java:43)
    at java.lang.reflect.Method.invoke (Method.java:498)
    at org.codehaus.plexus.classworlds.launcher.Launcher.launchEnhanced (Launcher.java:282)
    at org.codehaus.plexus.classworlds.launcher.Launcher.launch (Launcher.java:225)
    at org.codehaus.plexus.classworlds.launcher.Launcher.mainWithExitCode (Launcher.java:406)
    at org.codehaus.plexus.classworlds.launcher.Launcher.main (Launcher.java:347)
    at sun.reflect.NativeMethodAccessorImpl.invoke0 (Native Method)
    at sun.reflect.NativeMethodAccessorImpl.invoke (NativeMethodAccessorImpl.java:62)
    at sun.reflect.DelegatingMethodAccessorImpl.invoke (DelegatingMethodAccessorImpl.java:43)
    at java.lang.reflect.Method.invoke (Method.java:498)
    at org.apache.maven.wrapper.BootstrapMainStarter.start (BootstrapMainStarter.java:52)
    at org.apache.maven.wrapper.WrapperExecutor.execute (WrapperExecutor.java:161)
    at org.apache.maven.wrapper.MavenWrapperMain.main (MavenWrapperMain.java:73)
Caused by: org.apache.maven.project.DependencyResolutionException: Could not resolve dependencies for project com.qzt:qzt-ump-server-back:jar:1.0.0: org.bouncycastle:bcpqc-jdk15on:jar:1.68 was not found in https://repo.maven.apache.org/maven2 during a previous attempt. This failure was cached in the local repository and resolution is not reattempted until the update interval of central has elapsed or updates are forced
    at org.apache.maven.project.DefaultProjectDependenciesResolver.resolve (DefaultProjectDependenciesResolver.java:214)
    at org.apache.maven.lifecycle.internal.LifecycleDependencyResolver.getDependencies (LifecycleDependencyResolver.java:266)
    at org.apache.maven.lifecycle.internal.LifecycleDependencyResolver.resolveProjectDependencies (LifecycleDependencyResolver.java:170)
    at org.apache.maven.lifecycle.internal.MojoExecutor.ensureDependenciesAreResolved (MojoExecutor.java:401)
    at org.apache.maven.lifecycle.internal.MojoExecutor.doExecute (MojoExecutor.java:347)
    at org.apache.maven.lifecycle.internal.MojoExecutor.execute (MojoExecutor.java:215)
    at org.apache.maven.lifecycle.internal.MojoExecutor.execute (MojoExecutor.java:171)
    at org.apache.maven.lifecycle.internal.MojoExecutor.execute (MojoExecutor.java:163)
    at org.apache.maven.lifecycle.internal.LifecycleModuleBuilder.buildProject (LifecycleModuleBuilder.java:117)
    at org.apache.maven.lifecycle.internal.LifecycleModuleBuilder.buildProject (LifecycleModuleBuilder.java:81)
    at org.apache.maven.lifecycle.internal.builder.singlethreaded.SingleThreadedBuilder.build (SingleThreadedBuilder.java:56)
    at org.apache.maven.lifecycle.internal.LifecycleStarter.execute (LifecycleStarter.java:128)
    at org.apache.maven.DefaultMaven.doExecute (DefaultMaven.java:299)
    at org.apache.maven.DefaultMaven.doExecute (DefaultMaven.java:193)
    at org.apache.maven.DefaultMaven.execute (DefaultMaven.java:106)
    at org.apache.maven.cli.MavenCli.execute (MavenCli.java:963)
    at org.apache.maven.cli.MavenCli.doMain (MavenCli.java:296)
    at org.apache.maven.cli.MavenCli.main (MavenCli.java:199)
    at sun.reflect.NativeMethodAccessorImpl.invoke0 (Native Method)
    at sun.reflect.NativeMethodAccessorImpl.invoke (NativeMethodAccessorImpl.java:62)
    at sun.reflect.DelegatingMethodAccessorImpl.invoke (DelegatingMethodAccessorImpl.java:43)
    at java.lang.reflect.Method.invoke (Method.java:498)
    at org.codehaus.plexus.classworlds.launcher.Launcher.launchEnhanced (Launcher.java:282)
    at org.codehaus.plexus.classworlds.launcher.Launcher.launch (Launcher.java:225)
    at org.codehaus.plexus.classworlds.launcher.Launcher.mainWithExitCode (Launcher.java:406)
    at org.codehaus.plexus.classworlds.launcher.Launcher.main (Launcher.java:347)
    at sun.reflect.NativeMethodAccessorImpl.invoke0 (Native Method)
    at sun.reflect.NativeMethodAccessorImpl.invoke (NativeMethodAccessorImpl.java:62)
    at sun.reflect.DelegatingMethodAccessorImpl.invoke (DelegatingMethodAccessorImpl.java:43)
    at java.lang.reflect.Method.invoke (Method.java:498)
    at org.apache.maven.wrapper.BootstrapMainStarter.start (BootstrapMainStarter.java:52)
    at org.apache.maven.wrapper.WrapperExecutor.execute (WrapperExecutor.java:161)
    at org.apache.maven.wrapper.MavenWrapperMain.main (MavenWrapperMain.java:73)
Caused by: org.eclipse.aether.resolution.DependencyResolutionException: org.bouncycastle:bcpqc-jdk15on:jar:1.68 was not found in https://repo.maven.apache.org/maven2 during a previous attempt. This failure was cached in the local repository and resolution is not reattempted until the update interval of central has elapsed or updates are forced
    at org.eclipse.aether.internal.impl.DefaultRepositorySystem.resolveDependencies (DefaultRepositorySystem.java:357)
    at org.apache.maven.project.DefaultProjectDependenciesResolver.resolve (DefaultProjectDependenciesResolver.java:207)
    at org.apache.maven.lifecycle.internal.LifecycleDependencyResolver.getDependencies (LifecycleDependencyResolver.java:266)
    at org.apache.maven.lifecycle.internal.LifecycleDependencyResolver.resolveProjectDependencies (LifecycleDependencyResolver.java:170)
    at org.apache.maven.lifecycle.internal.MojoExecutor.ensureDependenciesAreResolved (MojoExecutor.java:401)
    at org.apache.maven.lifecycle.internal.MojoExecutor.doExecute (MojoExecutor.java:347)
    at org.apache.maven.lifecycle.internal.MojoExecutor.execute (MojoExecutor.java:215)
    at org.apache.maven.lifecycle.internal.MojoExecutor.execute (MojoExecutor.java:171)
    at org.apache.maven.lifecycle.internal.MojoExecutor.execute (MojoExecutor.java:163)
    at org.apache.maven.lifecycle.internal.LifecycleModuleBuilder.buildProject (LifecycleModuleBuilder.java:117)
    at org.apache.maven.lifecycle.internal.LifecycleModuleBuilder.buildProject (LifecycleModuleBuilder.java:81)
    at org.apache.maven.lifecycle.internal.builder.singlethreaded.SingleThreadedBuilder.build (SingleThreadedBuilder.java:56)
    at org.apache.maven.lifecycle.internal.LifecycleStarter.execute (LifecycleStarter.java:128)
    at org.apache.maven.DefaultMaven.doExecute (DefaultMaven.java:299)
    at org.apache.maven.DefaultMaven.doExecute (DefaultMaven.java:193)
    at org.apache.maven.DefaultMaven.execute (DefaultMaven.java:106)
    at org.apache.maven.cli.MavenCli.execute (MavenCli.java:963)
    at org.apache.maven.cli.MavenCli.doMain (MavenCli.java:296)
    at org.apache.maven.cli.MavenCli.main (MavenCli.java:199)
    at sun.reflect.NativeMethodAccessorImpl.invoke0 (Native Method)
    at sun.reflect.NativeMethodAccessorImpl.invoke (NativeMethodAccessorImpl.java:62)
    at sun.reflect.DelegatingMethodAccessorImpl.invoke (DelegatingMethodAccessorImpl.java:43)
    at java.lang.reflect.Method.invoke (Method.java:498)
    at org.codehaus.plexus.classworlds.launcher.Launcher.launchEnhanced (Launcher.java:282)
    at org.codehaus.plexus.classworlds.launcher.Launcher.launch (Launcher.java:225)
    at org.codehaus.plexus.classworlds.launcher.Launcher.mainWithExitCode (Launcher.java:406)
    at org.codehaus.plexus.classworlds.launcher.Launcher.main (Launcher.java:347)
    at sun.reflect.NativeMethodAccessorImpl.invoke0 (Native Method)
    at sun.reflect.NativeMethodAccessorImpl.invoke (NativeMethodAccessorImpl.java:62)
    at sun.reflect.DelegatingMethodAccessorImpl.invoke (DelegatingMethodAccessorImpl.java:43)
    at java.lang.reflect.Method.invoke (Method.java:498)
    at org.apache.maven.wrapper.BootstrapMainStarter.start (BootstrapMainStarter.java:52)
    at org.apache.maven.wrapper.WrapperExecutor.execute (WrapperExecutor.java:161)
    at org.apache.maven.wrapper.MavenWrapperMain.main (MavenWrapperMain.java:73)
Caused by: org.eclipse.aether.resolution.ArtifactResolutionException: org.bouncycastle:bcpqc-jdk15on:jar:1.68 was not found in https://repo.maven.apache.org/maven2 during a previous attempt. This failure was cached in the local repository and resolution is not reattempted until the update interval of central has elapsed or updates are forced
    at org.eclipse.aether.internal.impl.DefaultArtifactResolver.resolve (DefaultArtifactResolver.java:425)
    at org.eclipse.aether.internal.impl.DefaultArtifactResolver.resolveArtifacts (DefaultArtifactResolver.java:229)
    at org.eclipse.aether.internal.impl.DefaultRepositorySystem.resolveDependencies (DefaultRepositorySystem.java:340)
    at org.apache.maven.project.DefaultProjectDependenciesResolver.resolve (DefaultProjectDependenciesResolver.java:207)
    at org.apache.maven.lifecycle.internal.LifecycleDependencyResolver.getDependencies (LifecycleDependencyResolver.java:266)
    at org.apache.maven.lifecycle.internal.LifecycleDependencyResolver.resolveProjectDependencies (LifecycleDependencyResolver.java:170)
    at org.apache.maven.lifecycle.internal.MojoExecutor.ensureDependenciesAreResolved (MojoExecutor.java:401)
    at org.apache.maven.lifecycle.internal.MojoExecutor.doExecute (MojoExecutor.java:347)
    at org.apache.maven.lifecycle.internal.MojoExecutor.execute (MojoExecutor.java:215)
    at org.apache.maven.lifecycle.internal.MojoExecutor.execute (MojoExecutor.java:171)
    at org.apache.maven.lifecycle.internal.MojoExecutor.execute (MojoExecutor.java:163)
    at org.apache.maven.lifecycle.internal.LifecycleModuleBuilder.buildProject (LifecycleModuleBuilder.java:117)
    at org.apache.maven.lifecycle.internal.LifecycleModuleBuilder.buildProject (LifecycleModuleBuilder.java:81)
    at org.apache.maven.lifecycle.internal.builder.singlethreaded.SingleThreadedBuilder.build (SingleThreadedBuilder.java:56)
    at org.apache.maven.lifecycle.internal.LifecycleStarter.execute (LifecycleStarter.java:128)
    at org.apache.maven.DefaultMaven.doExecute (DefaultMaven.java:299)
    at org.apache.maven.DefaultMaven.doExecute (DefaultMaven.java:193)
    at org.apache.maven.DefaultMaven.execute (DefaultMaven.java:106)
    at org.apache.maven.cli.MavenCli.execute (MavenCli.java:963)
    at org.apache.maven.cli.MavenCli.doMain (MavenCli.java:296)
    at org.apache.maven.cli.MavenCli.main (MavenCli.java:199)
    at sun.reflect.NativeMethodAccessorImpl.invoke0 (Native Method)
    at sun.reflect.NativeMethodAccessorImpl.invoke (NativeMethodAccessorImpl.java:62)
    at sun.reflect.DelegatingMethodAccessorImpl.invoke (DelegatingMethodAccessorImpl.java:43)
    at java.lang.reflect.Method.invoke (Method.java:498)
    at org.codehaus.plexus.classworlds.launcher.Launcher.launchEnhanced (Launcher.java:282)
    at org.codehaus.plexus.classworlds.launcher.Launcher.launch (Launcher.java:225)
    at org.codehaus.plexus.classworlds.launcher.Launcher.mainWithExitCode (Launcher.java:406)
    at org.codehaus.plexus.classworlds.launcher.Launcher.main (Launcher.java:347)
    at sun.reflect.NativeMethodAccessorImpl.invoke0 (Native Method)
    at sun.reflect.NativeMethodAccessorImpl.invoke (NativeMethodAccessorImpl.java:62)
    at sun.reflect.DelegatingMethodAccessorImpl.invoke (DelegatingMethodAccessorImpl.java:43)
    at java.lang.reflect.Method.invoke (Method.java:498)
    at org.apache.maven.wrapper.BootstrapMainStarter.start (BootstrapMainStarter.java:52)
    at org.apache.maven.wrapper.WrapperExecutor.execute (WrapperExecutor.java:161)
    at org.apache.maven.wrapper.MavenWrapperMain.main (MavenWrapperMain.java:73)
Caused by: org.eclipse.aether.transfer.ArtifactNotFoundException: org.bouncycastle:bcpqc-jdk15on:jar:1.68 was not found in https://repo.maven.apache.org/maven2 during a previous attempt. This failure was cached in the local repository and resolution is not reattempted until the update interval of central has elapsed or updates are forced
    at org.eclipse.aether.internal.impl.DefaultUpdateCheckManager.newException (DefaultUpdateCheckManager.java:217)
    at org.eclipse.aether.internal.impl.DefaultUpdateCheckManager.checkArtifact (DefaultUpdateCheckManager.java:189)
    at org.eclipse.aether.internal.impl.DefaultArtifactResolver.gatherDownloads (DefaultArtifactResolver.java:574)
    at org.eclipse.aether.internal.impl.DefaultArtifactResolver.performDownloads (DefaultArtifactResolver.java:484)
    at org.eclipse.aether.internal.impl.DefaultArtifactResolver.resolve (DefaultArtifactResolver.java:402)
    at org.eclipse.aether.internal.impl.DefaultArtifactResolver.resolveArtifacts (DefaultArtifactResolver.java:229)
    at org.eclipse.aether.internal.impl.DefaultRepositorySystem.resolveDependencies (DefaultRepositorySystem.java:340)
    at org.apache.maven.project.DefaultProjectDependenciesResolver.resolve (DefaultProjectDependenciesResolver.java:207)
    at org.apache.maven.lifecycle.internal.LifecycleDependencyResolver.getDependencies (LifecycleDependencyResolver.java:266)
    at org.apache.maven.lifecycle.internal.LifecycleDependencyResolver.resolveProjectDependencies (LifecycleDependencyResolver.java:170)
    at org.apache.maven.lifecycle.internal.MojoExecutor.ensureDependenciesAreResolved (MojoExecutor.java:401)
    at org.apache.maven.lifecycle.internal.MojoExecutor.doExecute (MojoExecutor.java:347)
    at org.apache.maven.lifecycle.internal.MojoExecutor.execute (MojoExecutor.java:215)
    at org.apache.maven.lifecycle.internal.MojoExecutor.execute (MojoExecutor.java:171)
    at org.apache.maven.lifecycle.internal.MojoExecutor.execute (MojoExecutor.java:163)
    at org.apache.maven.lifecycle.internal.LifecycleModuleBuilder.buildProject (LifecycleModuleBuilder.java:117)
    at org.apache.maven.lifecycle.internal.LifecycleModuleBuilder.buildProject (LifecycleModuleBuilder.java:81)
    at org.apache.maven.lifecycle.internal.builder.singlethreaded.SingleThreadedBuilder.build (SingleThreadedBuilder.java:56)
    at org.apache.maven.lifecycle.internal.LifecycleStarter.execute (LifecycleStarter.java:128)
    at org.apache.maven.DefaultMaven.doExecute (DefaultMaven.java:299)
    at org.apache.maven.DefaultMaven.doExecute (DefaultMaven.java:193)
    at org.apache.maven.DefaultMaven.execute (DefaultMaven.java:106)
    at org.apache.maven.cli.MavenCli.execute (MavenCli.java:963)
    at org.apache.maven.cli.MavenCli.doMain (MavenCli.java:296)
    at org.apache.maven.cli.MavenCli.main (MavenCli.java:199)
    at sun.reflect.NativeMethodAccessorImpl.invoke0 (Native Method)
    at sun.reflect.NativeMethodAccessorImpl.invoke (NativeMethodAccessorImpl.java:62)
    at sun.reflect.DelegatingMethodAccessorImpl.invoke (DelegatingMethodAccessorImpl.java:43)
    at java.lang.reflect.Method.invoke (Method.java:498)
    at org.codehaus.plexus.classworlds.launcher.Launcher.launchEnhanced (Launcher.java:282)
    at org.codehaus.plexus.classworlds.launcher.Launcher.launch (Launcher.java:225)
    at org.codehaus.plexus.classworlds.launcher.Launcher.mainWithExitCode (Launcher.java:406)
    at org.codehaus.plexus.classworlds.launcher.Launcher.main (Launcher.java:347)
    at sun.reflect.NativeMethodAccessorImpl.invoke0 (Native Method)
    at sun.reflect.NativeMethodAccessorImpl.invoke (NativeMethodAccessorImpl.java:62)
    at sun.reflect.DelegatingMethodAccessorImpl.invoke (DelegatingMethodAccessorImpl.java:43)
    at java.lang.reflect.Method.invoke (Method.java:498)
    at org.apache.maven.wrapper.BootstrapMainStarter.start (BootstrapMainStarter.java:52)
    at org.apache.maven.wrapper.WrapperExecutor.execute (WrapperExecutor.java:161)
    at org.apache.maven.wrapper.MavenWrapperMain.main (MavenWrapperMain.java:73)
[ERROR] 
[ERROR] Re-run Maven using the -X switch to enable full debug logging.
[ERROR] 
[ERROR] For more information about the errors and possible solutions, please read the following articles:
[ERROR] [Help 1] http://cwiki.apache.org/confluence/display/MAVEN/DependencyResolutionException
[ERROR] 
[ERROR] After correcting the problems, you can resume the build with the command
[ERROR]   mvn <args> -rf :qzt-ump-server-back

D:\git_local\qzt_server_page>if 1 NEQ 0 goto error 

D:\git_local\qzt_server_page>set ERROR_CODE=1 

D:\git_local\qzt_server_page>if "" == "on" pause

D:\git_local\qzt_server_page>if "" == "on" exit 1 

D:\git_local\qzt_server_page>exit /B 1 
